====== commit: https://mobi.com/commits#b158b0b6-c119-4e09-8270-5e775d6b9703 ======
http://purl.org/dc/terms/, http://purl.org/dc/terms/modified, 2016-10-14, null
http://purl.org/dc/terms/, http://www.w3.org/1999/02/22-rdf-syntax-ns#type, http://www.w3.org/2002/07/owl#Ontology, null
http://purl.org/dc/terms/, http://www.w3.org/2000/01/rdf-schema#label, DCMI Metadata Terms - MatOnto Ontology Version, null
http://purl.org/dc/terms/Agent, http://www.w3.org/1999/02/22-rdf-syntax-ns#type, http://www.w3.org/2000/01/rdf-schema#Class, null
http://purl.org/dc/terms/Agent, http://www.w3.org/1999/02/22-rdf-syntax-ns#type, http://www.w3.org/2002/07/owl#Class, null
http://purl.org/dc/terms/Agent, http://www.w3.org/2000/01/rdf-schema#comment, A resource that acts or has the power to act., null
http://purl.org/dc/terms/Agent, http://www.w3.org/2000/01/rdf-schema#isDefinedBy, http://purl.org/dc/terms/, null
http://purl.org/dc/terms/Agent, http://www.w3.org/2000/01/rdf-schema#label, Agent, null
http://purl.org/dc/terms/FileFormat, http://www.w3.org/1999/02/22-rdf-syntax-ns#type, http://www.w3.org/2000/01/rdf-schema#Class, null
http://purl.org/dc/terms/FileFormat, http://www.w3.org/1999/02/22-rdf-syntax-ns#type, http://www.w3.org/2002/07/owl#Class, null
http://purl.org/dc/terms/FileFormat, http://www.w3.org/2000/01/rdf-schema#comment, A digital resource format., null
http://purl.org/dc/terms/FileFormat, http://www.w3.org/2000/01/rdf-schema#isDefinedBy, http://purl.org/dc/terms/, null
http://purl.org/dc/terms/FileFormat, http://www.w3.org/2000/01/rdf-schema#label, File Format, null
http://purl.org/dc/terms/FileFormat, http://www.w3.org/2000/01/rdf-schema#subClassOf, http://purl.org/dc/terms/MediaType, null
http://purl.org/dc/terms/MediaType, http://www.w3.org/1999/02/22-rdf-syntax-ns#type, http://www.w3.org/2000/01/rdf-schema#Class, null
http://purl.org/dc/terms/MediaType, http://www.w3.org/1999/02/22-rdf-syntax-ns#type, http://www.w3.org/2002/07/owl#Class, null
http://purl.org/dc/terms/MediaType, http://www.w3.org/2000/01/rdf-schema#comment, A file format or physical medium., null
http://purl.org/dc/terms/MediaType, http://www.w3.org/2000/01/rdf-schema#isDefinedBy, http://purl.org/dc/terms/, null
http://purl.org/dc/terms/MediaType, http://www.w3.org/2000/01/rdf-schema#label, Media Type, null
http://purl.org/dc/terms/MediaType, http://www.w3.org/2000/01/rdf-schema#subClassOf, http://purl.org/dc/terms/MediaTypeOrExtent, null
http://purl.org/dc/terms/MediaTypeOrExtent, http://www.w3.org/1999/02/22-rdf-syntax-ns#type, http://www.w3.org/2000/01/rdf-schema#Class, null
http://purl.org/dc/terms/MediaTypeOrExtent, http://www.w3.org/1999/02/22-rdf-syntax-ns#type, http://www.w3.org/2002/07/owl#Class, null
http://purl.org/dc/terms/MediaTypeOrExtent, http://www.w3.org/2000/01/rdf-schema#comment, A media type or extent., null
http://purl.org/dc/terms/MediaTypeOrExtent, http://www.w3.org/2000/01/rdf-schema#isDefinedBy, http://purl.org/dc/terms/, null
http://purl.org/dc/terms/MediaTypeOrExtent, http://www.w3.org/2000/01/rdf-schema#label, Media Type or Extent, null
http://purl.org/dc/terms/contributor, http://www.w3.org/1999/02/22-rdf-syntax-ns#type, http://www.w3.org/1999/02/22-rdf-syntax-ns#Property, null
http://purl.org/dc/terms/contributor, http://www.w3.org/1999/02/22-rdf-syntax-ns#type, http://www.w3.org/2002/07/owl#ObjectProperty, null
http://purl.org/dc/terms/contributor, http://www.w3.org/2000/01/rdf-schema#comment, An entity responsible for making contributions to the resource., null
http://purl.org/dc/terms/contributor, http://www.w3.org/2000/01/rdf-schema#isDefinedBy, http://purl.org/dc/terms/, null
http://purl.org/dc/terms/contributor, http://www.w3.org/2000/01/rdf-schema#label, Contributor, null
http://purl.org/dc/terms/contributor, http://www.w3.org/2000/01/rdf-schema#range, http://purl.org/dc/terms/Agent, null
http://purl.org/dc/terms/contributor, http://www.w3.org/2000/01/rdf-schema#subPropertyOf, http://purl.org/dc/elements/1.1/contributor, null
http://purl.org/dc/terms/creator, http://www.w3.org/1999/02/22-rdf-syntax-ns#type, http://www.w3.org/1999/02/22-rdf-syntax-ns#Property, null
http://purl.org/dc/terms/creator, http://www.w3.org/1999/02/22-rdf-syntax-ns#type, http://www.w3.org/2002/07/owl#ObjectProperty, null
http://purl.org/dc/terms/creator, http://www.w3.org/2000/01/rdf-schema#comment, An entity primarily responsible for making the resource., null
http://purl.org/dc/terms/creator, http://www.w3.org/2000/01/rdf-schema#isDefinedBy, http://purl.org/dc/terms/, null
http://purl.org/dc/terms/creator, http://www.w3.org/2000/01/rdf-schema#label, Creator, null
http://purl.org/dc/terms/creator, http://www.w3.org/2000/01/rdf-schema#range, http://purl.org/dc/terms/Agent, null
http://purl.org/dc/terms/creator, http://www.w3.org/2000/01/rdf-schema#subPropertyOf, http://purl.org/dc/elements/1.1/creator, null
http://purl.org/dc/terms/creator, http://www.w3.org/2000/01/rdf-schema#subPropertyOf, http://purl.org/dc/terms/contributor, null
http://purl.org/dc/terms/creator, http://www.w3.org/2002/07/owl#equivalentProperty, http://xmlns.com/foaf/0.1/maker, null
http://purl.org/dc/terms/date, http://www.w3.org/1999/02/22-rdf-syntax-ns#type, http://www.w3.org/1999/02/22-rdf-syntax-ns#Property, null
http://purl.org/dc/terms/date, http://www.w3.org/1999/02/22-rdf-syntax-ns#type, http://www.w3.org/2002/07/owl#DatatypeProperty, null
http://purl.org/dc/terms/date, http://www.w3.org/2000/01/rdf-schema#comment, A point or period of time associated with an event in the lifecycle of the resource., null
http://purl.org/dc/terms/date, http://www.w3.org/2000/01/rdf-schema#isDefinedBy, http://purl.org/dc/terms/, null
http://purl.org/dc/terms/date, http://www.w3.org/2000/01/rdf-schema#label, Date, null
http://purl.org/dc/terms/date, http://www.w3.org/2000/01/rdf-schema#range, http://www.w3.org/2000/01/rdf-schema#Literal, null
http://purl.org/dc/terms/date, http://www.w3.org/2000/01/rdf-schema#subPropertyOf, http://purl.org/dc/elements/1.1/date, null
http://purl.org/dc/terms/description, http://www.w3.org/1999/02/22-rdf-syntax-ns#type, http://www.w3.org/1999/02/22-rdf-syntax-ns#Property, null
http://purl.org/dc/terms/description, http://www.w3.org/1999/02/22-rdf-syntax-ns#type, http://www.w3.org/2002/07/owl#DatatypeProperty, null
http://purl.org/dc/terms/description, http://www.w3.org/2000/01/rdf-schema#comment, An account of the resource., null
http://purl.org/dc/terms/description, http://www.w3.org/2000/01/rdf-schema#isDefinedBy, http://purl.org/dc/terms/, null
http://purl.org/dc/terms/description, http://www.w3.org/2000/01/rdf-schema#label, Description, null
http://purl.org/dc/terms/description, http://www.w3.org/2000/01/rdf-schema#range, http://www.w3.org/2000/01/rdf-schema#Literal, null
http://purl.org/dc/terms/description, http://www.w3.org/2000/01/rdf-schema#subPropertyOf, http://purl.org/dc/elements/1.1/description, null
http://purl.org/dc/terms/format, http://www.w3.org/1999/02/22-rdf-syntax-ns#type, http://www.w3.org/1999/02/22-rdf-syntax-ns#Property, null
http://purl.org/dc/terms/format, http://www.w3.org/1999/02/22-rdf-syntax-ns#type, http://www.w3.org/2002/07/owl#ObjectProperty, null
http://purl.org/dc/terms/format, http://www.w3.org/2000/01/rdf-schema#comment, The file format, physical medium, or dimensions of the resource., null
http://purl.org/dc/terms/format, http://www.w3.org/2000/01/rdf-schema#isDefinedBy, http://purl.org/dc/terms/, null
http://purl.org/dc/terms/format, http://www.w3.org/2000/01/rdf-schema#label, Format, null
http://purl.org/dc/terms/format, http://www.w3.org/2000/01/rdf-schema#range, http://purl.org/dc/terms/MediaTypeOrExtent, null
http://purl.org/dc/terms/format, http://www.w3.org/2000/01/rdf-schema#subPropertyOf, http://purl.org/dc/elements/1.1/format, null
http://purl.org/dc/terms/identifier, http://www.w3.org/1999/02/22-rdf-syntax-ns#type, http://www.w3.org/1999/02/22-rdf-syntax-ns#Property, null
http://purl.org/dc/terms/identifier, http://www.w3.org/1999/02/22-rdf-syntax-ns#type, http://www.w3.org/2002/07/owl#DatatypeProperty, null
http://purl.org/dc/terms/identifier, http://www.w3.org/2000/01/rdf-schema#comment, An unambiguous reference to the resource within a given context., null
http://purl.org/dc/terms/identifier, http://www.w3.org/2000/01/rdf-schema#isDefinedBy, http://purl.org/dc/terms/, null
http://purl.org/dc/terms/identifier, http://www.w3.org/2000/01/rdf-schema#label, Identifier, null
http://purl.org/dc/terms/identifier, http://www.w3.org/2000/01/rdf-schema#range, http://www.w3.org/2000/01/rdf-schema#Literal, null
http://purl.org/dc/terms/identifier, http://www.w3.org/2000/01/rdf-schema#subPropertyOf, http://purl.org/dc/elements/1.1/identifier, null
http://purl.org/dc/terms/issued, http://www.w3.org/1999/02/22-rdf-syntax-ns#type, http://www.w3.org/1999/02/22-rdf-syntax-ns#Property, null
http://purl.org/dc/terms/issued, http://www.w3.org/1999/02/22-rdf-syntax-ns#type, http://www.w3.org/2002/07/owl#DatatypeProperty, null
http://purl.org/dc/terms/issued, http://www.w3.org/2000/01/rdf-schema#comment, Date of formal issuance (e.g., publication) of the resource., null
http://purl.org/dc/terms/issued, http://www.w3.org/2000/01/rdf-schema#isDefinedBy, http://purl.org/dc/terms/, null
http://purl.org/dc/terms/issued, http://www.w3.org/2000/01/rdf-schema#label, Date Issued, null
http://purl.org/dc/terms/issued, http://www.w3.org/2000/01/rdf-schema#range, http://www.w3.org/2000/01/rdf-schema#Literal, null
http://purl.org/dc/terms/issued, http://www.w3.org/2000/01/rdf-schema#subPropertyOf, http://purl.org/dc/elements/1.1/date, null
http://purl.org/dc/terms/issued, http://www.w3.org/2000/01/rdf-schema#subPropertyOf, http://purl.org/dc/terms/date, null
http://purl.org/dc/terms/modified, http://www.w3.org/1999/02/22-rdf-syntax-ns#type, http://www.w3.org/1999/02/22-rdf-syntax-ns#Property, null
http://purl.org/dc/terms/modified, http://www.w3.org/1999/02/22-rdf-syntax-ns#type, http://www.w3.org/2002/07/owl#DatatypeProperty, null
http://purl.org/dc/terms/modified, http://www.w3.org/2000/01/rdf-schema#comment, Date on which the resource was changed., null
http://purl.org/dc/terms/modified, http://www.w3.org/2000/01/rdf-schema#isDefinedBy, http://purl.org/dc/terms/, null
http://purl.org/dc/terms/modified, http://www.w3.org/2000/01/rdf-schema#label, Date Modified, null
http://purl.org/dc/terms/modified, http://www.w3.org/2000/01/rdf-schema#range, http://www.w3.org/2000/01/rdf-schema#Literal, null
http://purl.org/dc/terms/modified, http://www.w3.org/2000/01/rdf-schema#subPropertyOf, http://purl.org/dc/elements/1.1/date, null
http://purl.org/dc/terms/modified, http://www.w3.org/2000/01/rdf-schema#subPropertyOf, http://purl.org/dc/terms/date, null
http://purl.org/dc/terms/publisher, http://www.w3.org/1999/02/22-rdf-syntax-ns#type, http://www.w3.org/1999/02/22-rdf-syntax-ns#Property, null
http://purl.org/dc/terms/publisher, http://www.w3.org/1999/02/22-rdf-syntax-ns#type, http://www.w3.org/2002/07/owl#ObjectProperty, null
http://purl.org/dc/terms/publisher, http://www.w3.org/2000/01/rdf-schema#comment, An entity responsible for making the resource available., null
http://purl.org/dc/terms/publisher, http://www.w3.org/2000/01/rdf-schema#isDefinedBy, http://purl.org/dc/terms/, null
http://purl.org/dc/terms/publisher, http://www.w3.org/2000/01/rdf-schema#label, Publisher, null
http://purl.org/dc/terms/publisher, http://www.w3.org/2000/01/rdf-schema#range, http://purl.org/dc/terms/Agent, null
http://purl.org/dc/terms/publisher, http://www.w3.org/2000/01/rdf-schema#subPropertyOf, http://purl.org/dc/elements/1.1/publisher, null
http://purl.org/dc/terms/title, http://www.w3.org/1999/02/22-rdf-syntax-ns#type, http://www.w3.org/1999/02/22-rdf-syntax-ns#Property, null
http://purl.org/dc/terms/title, http://www.w3.org/1999/02/22-rdf-syntax-ns#type, http://www.w3.org/2002/07/owl#DatatypeProperty, null
http://purl.org/dc/terms/title, http://www.w3.org/2000/01/rdf-schema#comment, A name given to the resource., null
http://purl.org/dc/terms/title, http://www.w3.org/2000/01/rdf-schema#isDefinedBy, http://purl.org/dc/terms/, null
http://purl.org/dc/terms/title, http://www.w3.org/2000/01/rdf-schema#label, Title, null
http://purl.org/dc/terms/title, http://www.w3.org/2000/01/rdf-schema#range, http://www.w3.org/2000/01/rdf-schema#Literal, null
http://purl.org/dc/terms/title, http://www.w3.org/2000/01/rdf-schema#subPropertyOf, http://purl.org/dc/elements/1.1/title, null
urn:test, http://purl.org/dc/terms/dateSubmitted, http://purl.org/dc/terms/Box, null
urn:test, http://purl.org/dc/terms/relation, http://purl.org/dc/terms/isReferencedBy, null
urn:test, http://purl.org/dc/terms/tableOfContents, http://purl.org/dc/terms/tableOfContents, null


